// Jest Snapshot v1, https://goo.gl/fbAQLP

exports[`renders correctly 1`] = `
<div
  className="container syn-example"
  id="loginPage"
>
  <h3
    className="text-left"
  >
     Demo login with session token printed to screen
  </h3>
  <p>
     You are currently 
    <strong>
       
      <i>
         not 
      </i>
       
    </strong>
     signed in to Synpase 
  </p>
  <form
    onSubmit={[Function]}
  >
    <div
      className="form-group"
    >
      <label
        className="text-left"
        htmlFor="exampleEmail"
      >
        Synapse Email/Username:
      </label>
      <input
        autoComplete="email"
        className="form-control"
        id="exampleEmail"
        name="username"
        onChange={[Function]}
        placeholder="Enter email"
        type="text"
        value=""
      />
    </div>
    <div
      className="form-group"
    >
      <label
        htmlFor="examplePassword"
      >
        Password:
      </label>
      <input
        autoComplete="password"
        className="form-control"
        id="examplePassword"
        name="password"
        onChange={[Function]}
        placeholder="Enter password"
        type="password"
        value=""
      />
    </div>
    <button
      className="btn btn-primary m-1"
      onSubmit={[Function]}
      type="submit"
    >
      Submit
    </button>
  </form>
  <form>
    <div
      className="form-group"
      style={
        Object {
          "margin": "2px",
        }
      }
    >
      <button
        className={undefined}
        disabled={true}
        onClick={[Function]}
        style={
          Object {
            "background": "#d14836",
            "border": "1px solid transparent",
            "borderRadius": 2,
            "color": "#fff",
            "display": "inline-block",
            "fontFamily": "Roboto",
            "fontSize": 16,
            "fontWeight": "bold",
            "opacity": 0.6,
            "paddingBottom": 10,
            "paddingTop": 10,
            "width": 190,
          }
        }
        type="button"
      >
        Login
      </button>
    </div>
    <button
      className="btn btn-default"
      onClick={[Function]}
      type="button"
    >
       Sign Out 
    </button>
  </form>
</div>
`;
